// Jest Snapshot v1, https://goo.gl/fbAQLP

exports[`AnotherPage should render correctly 1`] = `
<section
  className="section"
>
  <h1>
    Another Page
  </h1>
</section>
`;
